0.000 1 arrives
0.000 1 serves by 1
0.313 2 arrives
0.313 2 serves by 2
0.313 1 done serving by 1
0.417 3 arrives
0.417 3 serves by 1
1.116 4 arrives
1.116 4 waits at 1
1.131 5 arrives
1.131 5 waits at 2
1.285 6 arrives
1.285 6 leaves
1.297 7 arrives
1.297 7 leaves
2.775 8 arrives
2.775 8 leaves
2.958 2 done serving by 2
2.958 5 serves by 2
3.118 3 done serving by 1
3.118 4 serves by 1
3.222 5 done serving by 2
4.599 4 done serving by 1
5.368 9 arrives
5.368 9 serves by 1
5.665 10 arrives
5.665 10 serves by 2
5.783 9 done serving by 1
5.880 10 done serving by 2
[0.547 7 3]